// Jest Snapshot v1, https://goo.gl/fbAQLP

exports[`<Main /> should render the heading 1`] = `
<main
  class="Mainstyles__Wrapper-lpqgOy fhAuQL"
>
  <img
    alt="imagem de um átomo em rosa com texto React Avançado em branco"
    class="Mainstyles__Logo-eXORpe vcOXI"
    src="/img/logo.svg"
  />
  <h1
    class="Mainstyles__Title-dvSvjh hKqkwi"
  >
    React Avançado
  </h1>
  <h2
    class="Mainstyles__Description-fPlthX jpdQKw"
  >
    Typescript, ReactJS, NextJS e Styled Components
  </h2>
  <img
    alt="Imagem de um programador de frente para o monitor"
    class="Mainstyles__Illustration-gOBdaV cIyjLd"
    src="img/hero-illustration.svg"
  />
</main>
`;
