// Jest Snapshot v1, https://goo.gl/fbAQLP

exports[`<Main /> should render the heading 1`] = `
<main
  class="styles__Wrapper-huphx cwkMsF"
>
  <img
    alt="imagem de um átomo em rosa com texto React Avançado em branco"
    class="styles__Logo-bSHpeR gakljY"
    src="/img/logo.svg"
  />
  <h1
    class="styles__Title-cMrmNu oylgm"
  >
    React Avançado
  </h1>
  <h2
    class="styles__Description-elbkTI fokdNY"
  >
    Typescript, ReactJS, NextJS e Styled Components
  </h2>
  <img
    alt="Imagem de um programador de frente para o monitor"
    class="styles__Illustration-fyujie jOhFuP"
    src="img/hero-illustration.svg"
  />
</main>
`;
